// Jest Snapshot v1, https://goo.gl/fbAQLP

exports[`ItemBar Given example data header contains item select  1`] = `
<div
  class="className itemSelectWrapper"
  data-testid="itemSelect"
>
  <div
    class="itemSelectedOption"
  >
    <i
      class="itemMenuIcon"
    />
    <span
      class="itemMenuText"
    >
      <span
        class="itemMenuName"
      >
        Example
      </span>
       |
       
      <span
        class="itemMenuId"
      >
        #
        0000
      </span>
    </span>
  </div>
  <select
    class="itemSelect"
    id="itemSelect"
    name="itemSelect"
  >
    <option
      selected=""
      value="pickle"
    >
      Pickle
       | #
      1234
    </option>
    <option
      value="cheese"
    >
      Cheese
       | #
      2345
    </option>
    <option
      value="patty"
    >
      Patty
       | #
      3456
    </option>
    <option
      value="bun"
    >
      Bun
       | #
      4567
    </option>
    <option
      value="lettuce"
    >
      Lettuce
       | #
      5678
    </option>
  </select>
</div>
`;

exports[`ItemBar Given example data header contains summary 1`] = `
<div
  class="itemSummary"
  data-testid="itemSummary"
>
  <div
    class="itemIconSlot"
  >
    <img
      alt="Pickle icon"
      data-nimg="fill"
      decoding="async"
      loading="lazy"
      src="/Pickle.svg"
      style="position: absolute; height: 100%; width: 100%; left: 0px; top: 0px; right: 0px; bottom: 0px; color: transparent;"
    />
  </div>
  <h1
    class="className itemName"
  >
    Example
  </h1>
  <p
    class="className itemStock"
  >
    60kg
    /
    <span
      class="maximumStock"
    >
      150kg
    </span>
  </p>
</div>
`;
